// Jest Snapshot v1, https://goo.gl/fbAQLP

exports[`no-invalid-this не ошибки индекс теста: 0 1`] = `Array []`;

exports[`no-invalid-this не ошибки индекс теста: 1 1`] = `Array []`;

exports[`no-invalid-this не ошибки индекс теста: 2 1`] = `Array []`;

exports[`no-invalid-this не ошибки индекс теста: 3 1`] = `Array []`;

exports[`no-invalid-this не ошибки индекс теста: 4 1`] = `Array []`;

exports[`no-invalid-this не ошибки индекс теста: 5 1`] = `Array []`;

exports[`no-invalid-this не ошибки индекс теста: 6 1`] = `Array []`;

exports[`no-invalid-this не ошибки индекс теста: 7 1`] = `Array []`;
