// Jest Snapshot v1, https://goo.gl/fbAQLP

exports[`no-use-before-declare не ошибки индекс теста: 0 1`] = `Array []`;

exports[`no-use-before-declare не ошибки индекс теста: 1 1`] = `Array []`;
