// Jest Snapshot v1, https://goo.gl/fbAQLP

exports[`unit-no-unknown ошибки индекс теста: 0 1`] = `
Array [
  Object {
    "column": 13,
    "endColumn": 15,
    "endLine": 2,
    "line": 2,
    "rule": "unit-no-unknown",
    "severity": "error",
    "text": "Unexpected unknown unit \\"ps\\" (unit-no-unknown)",
  },
]
`;

exports[`unit-no-unknown ошибки индекс теста: 0 2`] = `Array []`;
